Archive member included to satisfy reference by file (symbol)

lib/orangescrt.a(printf.o)    kernel/main.o (printf)
lib/orangescrt.a(vsprintf.o)  kernel/main.o (vsprintf)
lib/orangescrt.a(string.o)    kernel/start.o (memcpy)
lib/orangescrt.a(misc.o)      kernel/main.o (send_recv)
lib/orangescrt.a(open.o)      kernel/main.o (open)
lib/orangescrt.a(read.o)      kernel/main.o (read)
lib/orangescrt.a(write.o)     kernel/main.o (write)
lib/orangescrt.a(close.o)     kernel/main.o (close)
lib/orangescrt.a(lseek.o)     kernel/main.o (lseek)
lib/orangescrt.a(getpid.o)    kernel/main.o (getpid)
lib/orangescrt.a(stat.o)      mm/exec.o (stat)
lib/orangescrt.a(fork.o)      kernel/main.o (fork)
lib/orangescrt.a(wait.o)      kernel/main.o (wait)
lib/orangescrt.a(exec.o)      kernel/main.o (execv)
lib/orangescrt.a(syscall.o)   lib/orangescrt.a(misc.o) (sendrec)

Discarded input sections

 .group         0x00000000        0x8 kernel/start.o
 .note.GNU-stack
                0x00000000        0x0 kernel/start.o
 .group         0x00000000        0x8 kernel/main.o
 .group         0x00000000        0x8 kernel/main.o
 .text.__x86.get_pc_thunk.bx
                0x00000000        0x4 kernel/main.o
 .note.GNU-stack
                0x00000000        0x0 kernel/main.o
 .group         0x00000000        0x8 kernel/clock.o
 .text.__x86.get_pc_thunk.bx
                0x00000000        0x4 kernel/clock.o
 .note.GNU-stack
                0x00000000        0x0 kernel/clock.o
 .group         0x00000000        0x8 kernel/keyboard.o
 .text.__x86.get_pc_thunk.bx
                0x00000000        0x4 kernel/keyboard.o
 .note.GNU-stack
                0x00000000        0x0 kernel/keyboard.o
 .group         0x00000000        0x8 kernel/tty.o
 .group         0x00000000        0x8 kernel/tty.o
 .text.__x86.get_pc_thunk.ax
                0x00000000        0x4 kernel/tty.o
 .text.__x86.get_pc_thunk.bx
                0x00000000        0x4 kernel/tty.o
 .note.GNU-stack
                0x00000000        0x0 kernel/tty.o
 .group         0x00000000        0x8 kernel/console.o
 .group         0x00000000        0x8 kernel/console.o
 .group         0x00000000        0x8 kernel/console.o
 .group         0x00000000        0x8 kernel/console.o
 .text.__x86.get_pc_thunk.ax
                0x00000000        0x4 kernel/console.o
 .text.__x86.get_pc_thunk.bx
                0x00000000        0x4 kernel/console.o
 .note.GNU-stack
                0x00000000        0x0 kernel/console.o
 .group         0x00000000        0x8 kernel/i8259.o
 .text.__x86.get_pc_thunk.bx
                0x00000000        0x4 kernel/i8259.o
 .note.GNU-stack
                0x00000000        0x0 kernel/i8259.o
 .note.GNU-stack
                0x00000000        0x0 kernel/global.o
 .group         0x00000000        0x8 kernel/protect.o
 .group         0x00000000        0x8 kernel/protect.o
 .text.__x86.get_pc_thunk.ax
                0x00000000        0x4 kernel/protect.o
 .text.__x86.get_pc_thunk.bx
                0x00000000        0x4 kernel/protect.o
 .note.GNU-stack
                0x00000000        0x0 kernel/protect.o
 .group         0x00000000        0x8 kernel/proc.o
 .group         0x00000000        0x8 kernel/proc.o
 .group         0x00000000        0x8 kernel/proc.o
 .text.__x86.get_pc_thunk.ax
                0x00000000        0x4 kernel/proc.o
 .text.__x86.get_pc_thunk.dx
                0x00000000        0x4 kernel/proc.o
 .text.__x86.get_pc_thunk.bx
                0x00000000        0x4 kernel/proc.o
 .note.GNU-stack
                0x00000000        0x0 kernel/proc.o
 .group         0x00000000        0x8 kernel/systask.o
 .group         0x00000000        0x8 kernel/systask.o
 .text.__x86.get_pc_thunk.ax
                0x00000000        0x4 kernel/systask.o
 .text.__x86.get_pc_thunk.bx
                0x00000000        0x4 kernel/systask.o
 .note.GNU-stack
                0x00000000        0x0 kernel/systask.o
 .group         0x00000000        0x8 kernel/hd.o
 .group         0x00000000        0x8 kernel/hd.o
 .text.__x86.get_pc_thunk.ax
                0x00000000        0x4 kernel/hd.o
 .text.__x86.get_pc_thunk.bx
                0x00000000        0x4 kernel/hd.o
 .note.GNU-stack
                0x00000000        0x0 kernel/hd.o
 .group         0x00000000        0x8 kernel/klib.o
 .group         0x00000000        0x8 kernel/klib.o
 .text.__x86.get_pc_thunk.ax
                0x00000000        0x4 kernel/klib.o
 .text.__x86.get_pc_thunk.bx
                0x00000000        0x4 kernel/klib.o
 .note.GNU-stack
                0x00000000        0x0 kernel/klib.o
 .group         0x00000000        0x8 lib/syslog.o
 .text.__x86.get_pc_thunk.bx
                0x00000000        0x4 lib/syslog.o
 .note.GNU-stack
                0x00000000        0x0 lib/syslog.o
 .group         0x00000000        0x8 mm/main.o
 .group         0x00000000        0x8 mm/main.o
 .text.__x86.get_pc_thunk.ax
                0x00000000        0x4 mm/main.o
 .text.__x86.get_pc_thunk.bx
                0x00000000        0x4 mm/main.o
 .note.GNU-stack
                0x00000000        0x0 mm/main.o
 .group         0x00000000        0x8 mm/forkexit.o
 .group         0x00000000        0x8 mm/forkexit.o
 .text.__x86.get_pc_thunk.ax
                0x00000000        0x4 mm/forkexit.o
 .text.__x86.get_pc_thunk.bx
                0x00000000        0x4 mm/forkexit.o
 .note.GNU-stack
                0x00000000        0x0 mm/forkexit.o
 .group         0x00000000        0x8 mm/exec.o
 .text.__x86.get_pc_thunk.bx
                0x00000000        0x4 mm/exec.o
 .note.GNU-stack
                0x00000000        0x0 mm/exec.o
 .group         0x00000000        0x8 fs/main.o
 .group         0x00000000        0x8 fs/main.o
 .text.__x86.get_pc_thunk.ax
                0x00000000        0x4 fs/main.o
 .text.__x86.get_pc_thunk.bx
                0x00000000        0x4 fs/main.o
 .note.GNU-stack
                0x00000000        0x0 fs/main.o
 .group         0x00000000        0x8 fs/open.o
 .group         0x00000000        0x8 fs/open.o
 .text.__x86.get_pc_thunk.ax
                0x00000000        0x4 fs/open.o
 .text.__x86.get_pc_thunk.bx
                0x00000000        0x4 fs/open.o
 .note.GNU-stack
                0x00000000        0x0 fs/open.o
 .group         0x00000000        0x8 fs/misc.o
 .group         0x00000000        0x8 fs/misc.o
 .text.__x86.get_pc_thunk.cx
                0x00000000        0x4 fs/misc.o
 .text.__x86.get_pc_thunk.bx
                0x00000000        0x4 fs/misc.o
 .note.GNU-stack
                0x00000000        0x0 fs/misc.o
 .group         0x00000000        0x8 fs/read_write.o
 .text.__x86.get_pc_thunk.bx
                0x00000000        0x4 fs/read_write.o
 .note.GNU-stack
                0x00000000        0x0 fs/read_write.o
 .group         0x00000000        0x8 fs/link.o
 .text.__x86.get_pc_thunk.bx
                0x00000000        0x4 fs/link.o
 .note.GNU-stack
                0x00000000        0x0 fs/link.o
 .group         0x00000000        0x8 fs/disklog.o
 .text.__x86.get_pc_thunk.bx
                0x00000000        0x4 fs/disklog.o
 .note.GNU-stack
                0x00000000        0x0 fs/disklog.o
 .group         0x00000000        0x8 lib/orangescrt.a(printf.o)
 .text.__x86.get_pc_thunk.bx
                0x00000000        0x4 lib/orangescrt.a(printf.o)
 .note.GNU-stack
                0x00000000        0x0 lib/orangescrt.a(printf.o)
 .group         0x00000000        0x8 lib/orangescrt.a(vsprintf.o)
 .group         0x00000000        0x8 lib/orangescrt.a(vsprintf.o)
 .text.__x86.get_pc_thunk.ax
                0x00000000        0x4 lib/orangescrt.a(vsprintf.o)
 .text.__x86.get_pc_thunk.bx
                0x00000000        0x4 lib/orangescrt.a(vsprintf.o)
 .note.GNU-stack
                0x00000000        0x0 lib/orangescrt.a(vsprintf.o)
 .group         0x00000000        0x8 lib/orangescrt.a(misc.o)
 .group         0x00000000        0x8 lib/orangescrt.a(misc.o)
 .text.__x86.get_pc_thunk.ax
                0x00000000        0x4 lib/orangescrt.a(misc.o)
 .text.__x86.get_pc_thunk.bx
                0x00000000        0x4 lib/orangescrt.a(misc.o)
 .note.GNU-stack
                0x00000000        0x0 lib/orangescrt.a(misc.o)
 .group         0x00000000        0x8 lib/orangescrt.a(open.o)
 .text.__x86.get_pc_thunk.bx
                0x00000000        0x4 lib/orangescrt.a(open.o)
 .note.GNU-stack
                0x00000000        0x0 lib/orangescrt.a(open.o)
 .group         0x00000000        0x8 lib/orangescrt.a(read.o)
 .text.__x86.get_pc_thunk.ax
                0x00000000        0x4 lib/orangescrt.a(read.o)
 .note.GNU-stack
                0x00000000        0x0 lib/orangescrt.a(read.o)
 .group         0x00000000        0x8 lib/orangescrt.a(write.o)
 .text.__x86.get_pc_thunk.ax
                0x00000000        0x4 lib/orangescrt.a(write.o)
 .note.GNU-stack
                0x00000000        0x0 lib/orangescrt.a(write.o)
 .group         0x00000000        0x8 lib/orangescrt.a(close.o)
 .text.__x86.get_pc_thunk.ax
                0x00000000        0x4 lib/orangescrt.a(close.o)
 .note.GNU-stack
                0x00000000        0x0 lib/orangescrt.a(close.o)
 .group         0x00000000        0x8 lib/orangescrt.a(lseek.o)
 .text.__x86.get_pc_thunk.ax
                0x00000000        0x4 lib/orangescrt.a(lseek.o)
 .note.GNU-stack
                0x00000000        0x0 lib/orangescrt.a(lseek.o)
 .group         0x00000000        0x8 lib/orangescrt.a(getpid.o)
 .text.__x86.get_pc_thunk.bx
                0x00000000        0x4 lib/orangescrt.a(getpid.o)
 .note.GNU-stack
                0x00000000        0x0 lib/orangescrt.a(getpid.o)
 .group         0x00000000        0x8 lib/orangescrt.a(stat.o)
 .text.__x86.get_pc_thunk.bx
                0x00000000        0x4 lib/orangescrt.a(stat.o)
 .note.GNU-stack
                0x00000000        0x0 lib/orangescrt.a(stat.o)
 .group         0x00000000        0x8 lib/orangescrt.a(fork.o)
 .text.__x86.get_pc_thunk.bx
                0x00000000        0x4 lib/orangescrt.a(fork.o)
 .note.GNU-stack
                0x00000000        0x0 lib/orangescrt.a(fork.o)
 .group         0x00000000        0x8 lib/orangescrt.a(wait.o)
 .text.__x86.get_pc_thunk.ax
                0x00000000        0x4 lib/orangescrt.a(wait.o)
 .note.GNU-stack
                0x00000000        0x0 lib/orangescrt.a(wait.o)
 .group         0x00000000        0x8 lib/orangescrt.a(exec.o)
 .group         0x00000000        0x8 lib/orangescrt.a(exec.o)
 .text.__x86.get_pc_thunk.ax
                0x00000000        0x4 lib/orangescrt.a(exec.o)
 .text.__x86.get_pc_thunk.bx
                0x00000000        0x4 lib/orangescrt.a(exec.o)
 .note.GNU-stack
                0x00000000        0x0 lib/orangescrt.a(exec.o)

Memory Configuration

Name             Origin             Length             Attributes
*default*        0x00000000         0xffffffff

Linker script and memory map

Address of section .text set to 0x1000
LOAD kernel/kernel.o
LOAD kernel/start.o
LOAD kernel/main.o
LOAD kernel/clock.o
LOAD kernel/keyboard.o
LOAD kernel/tty.o
LOAD kernel/console.o
LOAD kernel/i8259.o
LOAD kernel/global.o
LOAD kernel/protect.o
LOAD kernel/proc.o
LOAD kernel/systask.o
LOAD kernel/hd.o
LOAD kernel/kliba.o
LOAD kernel/klib.o
LOAD lib/syslog.o
LOAD mm/main.o
LOAD mm/forkexit.o
LOAD mm/exec.o
LOAD fs/main.o
LOAD fs/open.o
LOAD fs/misc.o
LOAD fs/read_write.o
LOAD fs/link.o
LOAD fs/disklog.o
LOAD lib/orangescrt.a
                [!provide]                        PROVIDE (__executable_start = SEGMENT_START ("text-segment", 0x8048000))
                0x080480f4                        . = (SEGMENT_START ("text-segment", 0x8048000) + SIZEOF_HEADERS)

.interp
 *(.interp)

.note.gnu.build-id
 *(.note.gnu.build-id)

.hash
 *(.hash)

.gnu.hash
 *(.gnu.hash)

.dynsym
 *(.dynsym)

.dynstr
 *(.dynstr)

.gnu.version
 *(.gnu.version)

.gnu.version_d
 *(.gnu.version_d)

.gnu.version_r
 *(.gnu.version_r)

.rel.dyn        0x080480f4        0x0
 *(.rel.init)
 *(.rel.text .rel.text.* .rel.gnu.linkonce.t.*)
 *(.rel.fini)
 *(.rel.rodata .rel.rodata.* .rel.gnu.linkonce.r.*)
 *(.rel.data.rel.ro .rel.data.rel.ro.* .rel.gnu.linkonce.d.rel.ro.*)
 *(.rel.data .rel.data.* .rel.gnu.linkonce.d.*)
 *(.rel.tdata .rel.tdata.* .rel.gnu.linkonce.td.*)
 *(.rel.tbss .rel.tbss.* .rel.gnu.linkonce.tb.*)
 *(.rel.ctors)
 *(.rel.dtors)
 *(.rel.got)
 .rel.got       0x080480f4        0x0 kernel/kernel.o
 *(.rel.bss .rel.bss.* .rel.gnu.linkonce.b.*)
 *(.rel.ifunc)

.rel.plt        0x080480f4        0x0
 *(.rel.plt)
                [!provide]                        PROVIDE (__rel_iplt_start = .)
 *(.rel.iplt)
 .rel.iplt      0x080480f4        0x0 kernel/kernel.o
                [!provide]                        PROVIDE (__rel_iplt_end = .)

.relr.dyn
 *(.relr.dyn)
                0x08049000                        . = ALIGN (CONSTANT (MAXPAGESIZE))

.init
 *(SORT_NONE(.init))

.plt            0x08049000        0x0
 *(.plt)
 *(.iplt)
 .iplt          0x08049000        0x0 kernel/kernel.o

.plt.got
 *(.plt.got)

.plt.sec
 *(.plt.sec)

.text           0x00001000     0xda28
 *(.text.unlikely .text.*_unlikely .text.unlikely.*)
 *(.text.exit .text.exit.*)
 *(.text.startup .text.startup.*)
 *(.text.hot .text.hot.*)
 *(SORT_BY_NAME(.text.sorted.*))
 *(.text .stub .text.* .gnu.linkonce.t.*)
 .text          0x00001000      0x410 kernel/kernel.o
                0x00001000                _start
                0x00001040                hwint00
                0x00001070                hwint01
                0x000010a0                hwint02
                0x000010d0                hwint03
                0x00001100                hwint04
                0x00001130                hwint05
                0x00001160                hwint06
                0x00001190                hwint07
                0x000011c0                hwint08
                0x000011f0                hwint09
                0x00001220                hwint10
                0x00001250                hwint11
                0x00001280                hwint12
                0x000012b0                hwint13
                0x000012e0                hwint14
                0x00001310                hwint15
                0x00001334                divide_error
                0x0000133a                single_step_exception
                0x00001340                nmi
                0x00001346                breakpoint_exception
                0x0000134c                overflow
                0x00001352                bounds_check
                0x00001358                inval_opcode
                0x0000135e                copr_not_available
                0x00001364                double_fault
                0x00001368                copr_seg_overrun
                0x0000136e                inval_tss
                0x00001372                segment_not_present
                0x00001376                stack_exception
                0x0000137a                general_protection
                0x0000137e                page_fault
                0x00001382                copr_error
                0x000013cb                sys_call
                0x000013eb                restart
 .text          0x00001410       0xc3 kernel/start.o
                0x00001410                cstart
 .text.__x86.get_pc_thunk.bx
                0x000014d3        0x4 kernel/start.o
                0x000014d3                __x86.get_pc_thunk.bx
 .text          0x000014d7      0xc43 kernel/main.o
                0x000014d7                kernel_main
                0x00001826                get_ticks
                0x00001869                untar
                0x00001b7c                exe_helper
                0x00001c7f                shabby_shell
                0x00001ef5                Init
                0x00002093                TestA
                0x000020a3                TestB
                0x000020b3                TestC
                0x000020c3                panic
 .text.__x86.get_pc_thunk.ax
                0x0000211a        0x4 kernel/main.o
                0x0000211a                __x86.get_pc_thunk.ax
 .text          0x0000211e      0x147 kernel/clock.o
                0x0000211e                clock_handler
                0x000021c2                milli_delay
                0x000021fc                init_clock
 .text          0x00002265      0x792 kernel/keyboard.o
                0x00002265                keyboard_handler
                0x000022ea                init_keyboard
                0x000023b4                keyboard_read
 .text          0x000029f7      0xacb kernel/tty.o
                0x000029f7                task_tty
                0x00002be5                in_process
                0x00003160                sys_printx
                0x00003330                dump_tty_buf
 .text          0x000034c2      0x88c kernel/console.o
                0x000034c2                init_screen
                0x00003658                out_char
                0x00003958                is_current_console
                0x00003a79                select_console
                0x00003acc                scroll_screen
 .text.__x86.get_pc_thunk.dx
                0x00003d4e        0x4 kernel/console.o
                0x00003d4e                __x86.get_pc_thunk.dx
 .text.__x86.get_pc_thunk.cx
                0x00003d52        0x4 kernel/console.o
                0x00003d52                __x86.get_pc_thunk.cx
 .text          0x00003d56      0x168 kernel/i8259.o
                0x00003d56                init_8259A
                0x00003e3f                spurious_irq
                0x00003e89                put_irq_handler
 .text          0x00003ebe        0x0 kernel/global.o
 .text          0x00003ebe      0x715 kernel/protect.o
                0x00003ebe                init_prot
                0x000043a9                seg2linear
                0x00004405                init_desc
                0x0000447c                exception_handler
 .text          0x000045d3     0x18f4 kernel/proc.o
                0x000045d3                schedule
                0x00004688                sys_sendrec
                0x000047d1                ldt_seg_linear
                0x00004825                va2la
                0x0000489e                reset_msg
                0x00005887                inform_int
                0x00005a28                dump_proc
                0x00005d96                dump_msg
 .text          0x00005ec7      0x2f0 kernel/systask.o
                0x00005ec7                task_sys
 .text          0x000061b7      0xe68 kernel/hd.o
                0x000061b7                task_hd
                0x00006fe4                hd_handler
 *fill*         0x0000701f        0x1 
 .text          0x00007020      0x19e kernel/kliba.o
                0x00007020                disp_str
                0x00007060                disp_color_str
                0x000070a1                out_byte
                0x000070ad                in_byte
                0x000070b7                port_read
                0x000070ca                port_write
                0x000070dd                disable_irq
                0x00007112                enable_irq
                0x00007131                disable_int
                0x00007133                enable_int
                0x00007135                glitter
 .text          0x000071be      0x305 kernel/klib.o
                0x000071be                get_boot_params
                0x00007261                get_kernel_map
                0x00007386                itoa
                0x0000743b                disp_int
                0x00007471                delay
 .text          0x000074c3       0x84 lib/syslog.o
                0x000074c3                syslog
 .text          0x00007547      0x7a0 mm/main.o
                0x00007547                task_mm
                0x000076d8                alloc_mem
                0x0000776f                free_mem
 .text          0x00007ce7      0x6b4 mm/forkexit.o
                0x00007ce7                do_fork
                0x00008070                do_exit
                0x000082c6                do_wait
 .text          0x0000839b      0x3b6 mm/exec.o
                0x0000839b                do_exec
 .text          0x00008751     0x1429 fs/main.o
                0x00008751                task_fs
                0x0000931a                rw_sector
                0x0000956f                get_super_block
                0x000095d1                get_inode
                0x00009753                put_inode
                0x000097a7                sync_inode
 .text          0x00009b7a      0xcd0 fs/open.o
                0x00009b7a                do_open
                0x0000a12f                do_close
                0x0000a1c9                do_lseek
 .text          0x0000a84a      0x3fd fs/misc.o
                0x0000a84a                do_stat
                0x0000aa46                search_file
                0x0000abaf                strip_path
 .text          0x0000ac47      0x555 fs/read_write.o
                0x0000ac47                do_rdwt
 .text          0x0000b19c      0x8b4 fs/link.o
                0x0000b19c                do_unlink
 .text          0x0000ba50     0x22e5 fs/disklog.o
                0x0000ba50                disklog
                0x0000c049                dump_fd_graph
 .text          0x0000dd35       0xd1 lib/orangescrt.a(printf.o)
                0x0000dd35                printf
                0x0000ddb5                printl
 .text          0x0000de06      0x332 lib/orangescrt.a(vsprintf.o)
                0x0000de76                vsprintf
                0x0000e108                sprintf
 *fill*         0x0000e138        0x8 
 .text          0x0000e140       0x78 lib/orangescrt.a(string.o)
                0x0000e140                memcpy
                0x0000e169                memset
                0x0000e18a                strcpy
                0x0000e1a2                strlen
 .text          0x0000e1b8      0x2a6 lib/orangescrt.a(misc.o)
                0x0000e1b8                send_recv
                0x0000e289                memcmp
                0x0000e305                strcmp
                0x0000e37e                strcat
                0x0000e3e7                spin
                0x0000e412                assertion_failure
 .text          0x0000e45e       0x78 lib/orangescrt.a(open.o)
                0x0000e45e                open
 .text          0x0000e4d6       0x47 lib/orangescrt.a(read.o)
                0x0000e4d6                read
 .text          0x0000e51d       0x47 lib/orangescrt.a(write.o)
                0x0000e51d                write
 .text          0x0000e564       0x3b lib/orangescrt.a(close.o)
                0x0000e564                close
 .text          0x0000e59f       0x47 lib/orangescrt.a(lseek.o)
                0x0000e59f                lseek
 .text          0x0000e5e6       0x5b lib/orangescrt.a(getpid.o)
                0x0000e5e6                getpid
 .text          0x0000e641       0x78 lib/orangescrt.a(stat.o)
                0x0000e641                stat
 .text          0x0000e6b9       0x81 lib/orangescrt.a(fork.o)
                0x0000e6b9                fork
 .text          0x0000e73a       0x4c lib/orangescrt.a(wait.o)
                0x0000e73a                wait
 .text          0x0000e786      0x272 lib/orangescrt.a(exec.o)
                0x0000e786                exec
                0x0000e806                execl
                0x0000e835                execv
 *fill*         0x0000e9f8        0x8 
 .text          0x0000ea00       0x28 lib/orangescrt.a(syscall.o)
                0x0000ea00                sendrec
                0x0000ea1a                printx
 *(.gnu.warning)

.fini
 *(SORT_NONE(.fini))
                [!provide]                        PROVIDE (__etext = .)
                [!provide]                        PROVIDE (_etext = .)
                [!provide]                        PROVIDE (etext = .)
                0x0000f000                        . = ALIGN (CONSTANT (MAXPAGESIZE))
                0x0000f000                        . = SEGMENT_START ("rodata-segment", (ALIGN (CONSTANT (MAXPAGESIZE)) + (. & (CONSTANT (MAXPAGESIZE) - 0x1))))

.rodata         0x0000f000     0x266b
 *(.rodata .rodata.* .gnu.linkonce.r.*)
 .rodata        0x0000f000       0x47 kernel/start.o
 *fill*         0x0000f047        0x1 
 .rodata        0x0000f048      0x200 kernel/main.o
 .rodata        0x0000f248       0x64 kernel/keyboard.o
 .rodata        0x0000f2ac      0x13c kernel/tty.o
 .rodata        0x0000f3e8       0x5b kernel/console.o
 .rodata        0x0000f443       0x11 kernel/i8259.o
 .rodata        0x0000f454       0x10 kernel/global.o
                0x0000f454                FSBUF_SIZE
                0x0000f458                MMBUF_SIZE
                0x0000f45c                LOGBUF_SIZE
                0x0000f460                LOGDISKBUF_SIZE
 *fill*         0x0000f464       0x1c 
 .rodata        0x0000f480      0x580 kernel/protect.o
 .rodata        0x0000fa00      0x5da kernel/proc.o
 .rodata        0x0000ffda       0x11 kernel/systask.o
 *fill*         0x0000ffeb        0x1 
 .rodata        0x0000ffec      0x144 kernel/hd.o
 .rodata        0x00010130       0x6a kernel/klib.o
 .rodata        0x0001019a       0x1e lib/syslog.o
 .rodata        0x000101b8      0x1a0 mm/main.o
 .rodata        0x00010358       0xe5 mm/forkexit.o
 *fill*         0x0001043d        0x3 
 .rodata        0x00010440       0xa4 mm/exec.o
 .rodata        0x000104e4      0x25c fs/main.o
 .rodata        0x00010740      0x1c8 fs/open.o
 .rodata        0x00010908       0x60 fs/misc.o
 .rodata        0x00010968      0x164 fs/read_write.o
 .rodata        0x00010acc      0x1ad fs/link.o
 *fill*         0x00010c79        0x3 
 .rodata        0x00010c7c      0x806 fs/disklog.o
 .rodata        0x00011482       0x14 lib/orangescrt.a(printf.o)
 *fill*         0x00011496        0x2 
 .rodata        0x00011498       0xad lib/orangescrt.a(misc.o)
 .rodata        0x00011545       0x23 lib/orangescrt.a(open.o)
 .rodata        0x00011568       0x25 lib/orangescrt.a(getpid.o)
 .rodata        0x0001158d       0x23 lib/orangescrt.a(stat.o)
 .rodata        0x000115b0       0x33 lib/orangescrt.a(fork.o)
 *fill*         0x000115e3        0x1 
 .rodata        0x000115e4       0x87 lib/orangescrt.a(exec.o)

.rodata1
 *(.rodata1)

.eh_frame_hdr
 *(.eh_frame_hdr)
 *(.eh_frame_entry .eh_frame_entry.*)

.eh_frame       0x0001166c     0x1518
 *(.eh_frame)
 .eh_frame      0x0001166c       0x50 kernel/start.o
 .eh_frame      0x000116bc      0x150 kernel/main.o
                                0x17c (size before relaxing)
 .eh_frame      0x0001180c       0x6c kernel/clock.o
                                 0x98 (size before relaxing)
 .eh_frame      0x00011878       0xfc kernel/keyboard.o
                                0x128 (size before relaxing)
 .eh_frame      0x00011974      0x15c kernel/tty.o
                                0x19c (size before relaxing)
 .eh_frame      0x00011ad0      0x188 kernel/console.o
                                0x1c8 (size before relaxing)
 .eh_frame      0x00011c58       0x6c kernel/i8259.o
                                 0x98 (size before relaxing)
 .eh_frame      0x00011cc4       0xb8 kernel/protect.o
                                 0xf8 (size before relaxing)
 .eh_frame      0x00011d7c      0x1e8 kernel/proc.o
                                0x23c (size before relaxing)
 .eh_frame      0x00011f64       0x64 kernel/systask.o
                                 0xa4 (size before relaxing)
 .eh_frame      0x00011fc8      0x1fc kernel/hd.o
                                0x23c (size before relaxing)
 .eh_frame      0x000121c4       0xac kernel/klib.o
                                 0xec (size before relaxing)
 .eh_frame      0x00012270       0x24 lib/syslog.o
                                 0x50 (size before relaxing)
 .eh_frame      0x00012294       0xd0 mm/main.o
                                0x110 (size before relaxing)
 .eh_frame      0x00012364       0x9c mm/forkexit.o
                                 0xdc (size before relaxing)
 .eh_frame      0x00012400       0x30 mm/exec.o
                                 0x5c (size before relaxing)
 .eh_frame      0x00012430      0x1bc fs/main.o
                                0x1fc (size before relaxing)
 .eh_frame      0x000125ec      0x13c fs/open.o
                                0x17c (size before relaxing)
 .eh_frame      0x00012728       0x7c fs/misc.o
                                 0xbc (size before relaxing)
 .eh_frame      0x000127a4       0x30 fs/read_write.o
                                 0x5c (size before relaxing)
 .eh_frame      0x000127d4       0x30 fs/link.o
                                 0x5c (size before relaxing)
 .eh_frame      0x00012804       0x60 fs/disklog.o
                                 0x8c (size before relaxing)
 .eh_frame      0x00012864       0x48 lib/orangescrt.a(printf.o)
                                 0x74 (size before relaxing)
 .eh_frame      0x000128ac       0x68 lib/orangescrt.a(vsprintf.o)
                                 0xa8 (size before relaxing)
 .eh_frame      0x00012914       0xc4 lib/orangescrt.a(misc.o)
                                0x104 (size before relaxing)
 .eh_frame      0x000129d8       0x24 lib/orangescrt.a(open.o)
                                 0x50 (size before relaxing)
 .eh_frame      0x000129fc       0x24 lib/orangescrt.a(read.o)
                                 0x50 (size before relaxing)
 .eh_frame      0x00012a20       0x24 lib/orangescrt.a(write.o)
                                 0x50 (size before relaxing)
 .eh_frame      0x00012a44       0x24 lib/orangescrt.a(close.o)
                                 0x50 (size before relaxing)
 .eh_frame      0x00012a68       0x24 lib/orangescrt.a(lseek.o)
                                 0x50 (size before relaxing)
 .eh_frame      0x00012a8c       0x24 lib/orangescrt.a(getpid.o)
                                 0x50 (size before relaxing)
 .eh_frame      0x00012ab0       0x24 lib/orangescrt.a(stat.o)
                                 0x50 (size before relaxing)
 .eh_frame      0x00012ad4       0x24 lib/orangescrt.a(fork.o)
                                 0x50 (size before relaxing)
 .eh_frame      0x00012af8       0x24 lib/orangescrt.a(wait.o)
                                 0x50 (size before relaxing)
 .eh_frame      0x00012b1c       0x68 lib/orangescrt.a(exec.o)
                                 0xa8 (size before relaxing)
 *(.eh_frame.*)

.sframe
 *(.sframe)
 *(.sframe.*)

.gcc_except_table
 *(.gcc_except_table .gcc_except_table.*)

.gnu_extab
 *(.gnu_extab*)

.exception_ranges
 *(.exception_ranges*)
                0x00013ff4                        . = DATA_SEGMENT_ALIGN (CONSTANT (MAXPAGESIZE), CONSTANT (COMMONPAGESIZE))

.eh_frame
 *(.eh_frame)
 *(.eh_frame.*)

.sframe
 *(.sframe)
 *(.sframe.*)

.gnu_extab
 *(.gnu_extab)

.gcc_except_table
 *(.gcc_except_table .gcc_except_table.*)

.exception_ranges
 *(.exception_ranges*)

.tdata          0x00013ff4        0x0
                [!provide]                        PROVIDE (__tdata_start = .)
 *(.tdata .tdata.* .gnu.linkonce.td.*)

.tbss
 *(.tbss .tbss.* .gnu.linkonce.tb.*)
 *(.tcommon)

.preinit_array  0x00013ff4        0x0
                [!provide]                        PROVIDE (__preinit_array_start = .)
 *(.preinit_array)
                [!provide]                        PROVIDE (__preinit_array_end = .)

.init_array     0x00013ff4        0x0
                [!provide]                        PROVIDE (__init_array_start = .)
 *(SORT_BY_INIT_PRIORITY(.init_array.*) SORT_BY_INIT_PRIORITY(.ctors.*))
 *(.init_array EXCLUDE_FILE(*crtend?.o *crtend.o *crtbegin?.o *crtbegin.o) .ctors)
                [!provide]                        PROVIDE (__init_array_end = .)

.fini_array     0x00013ff4        0x0
                [!provide]                        PROVIDE (__fini_array_start = .)
 *(SORT_BY_INIT_PRIORITY(.fini_array.*) SORT_BY_INIT_PRIORITY(.dtors.*))
 *(.fini_array EXCLUDE_FILE(*crtend?.o *crtend.o *crtbegin?.o *crtbegin.o) .dtors)
                [!provide]                        PROVIDE (__fini_array_end = .)

.ctors
 *crtbegin.o(.ctors)
 *crtbegin?.o(.ctors)
 *(EXCLUDE_FILE(*crtend?.o *crtend.o) .ctors)
 *(SORT_BY_NAME(.ctors.*))
 *(.ctors)

.dtors
 *crtbegin.o(.dtors)
 *crtbegin?.o(.dtors)
 *(EXCLUDE_FILE(*crtend?.o *crtend.o) .dtors)
 *(SORT_BY_NAME(.dtors.*))
 *(.dtors)

.jcr
 *(.jcr)

.data.rel.ro
 *(.data.rel.ro.local* .gnu.linkonce.d.rel.ro.local.*)
 *(.data.rel.ro .data.rel.ro.* .gnu.linkonce.d.rel.ro.*)

.dynamic
 *(.dynamic)

.got            0x00013ff4        0x0
 *(.got)
 .got           0x00013ff4        0x0 kernel/kernel.o
 *(.igot)
                0x00013ff4                        . = DATA_SEGMENT_RELRO_END (., (SIZEOF (.got.plt) >= 0xc)?0xc:0x0)

.got.plt        0x00013ff4        0xc
 *(.got.plt)
 .got.plt       0x00013ff4        0xc kernel/kernel.o
                0x00013ff4                _GLOBAL_OFFSET_TABLE_
 *(.igot.plt)
 .igot.plt      0x00014000        0x0 kernel/kernel.o

.data           0x00014000      0x80c
 *(.data .data.* .gnu.linkonce.d.*)
 .data          0x00014000        0x2 kernel/kernel.o
 .data          0x00014002        0x0 kernel/start.o
 .data          0x00014002        0x0 kernel/main.o
 .data          0x00014002        0x0 kernel/clock.o
 *fill*         0x00014002       0x1e 
 .data          0x00014020      0x600 kernel/keyboard.o
                0x00014020                keymap
 .data          0x00014620       0x22 kernel/tty.o
 .data          0x00014642        0x0 kernel/console.o
 .data          0x00014642        0x0 kernel/i8259.o
 *fill*         0x00014642        0x2 
 .data          0x00014644       0x28 kernel/global.o
                0x00014644                dd_map
                0x0001465c                fsbuf
                0x00014660                mmbuf
                0x00014664                logbuf
                0x00014668                logdiskbuf
 *fill*         0x0001466c       0x14 
 .data.rel      0x00014680      0x18c kernel/global.o
                0x00014680                task_table
                0x00014760                user_proc_table
                0x00014800                sys_call_table
 .data          0x0001480c        0x0 kernel/protect.o
 .data          0x0001480c        0x0 kernel/proc.o
 .data          0x0001480c        0x0 kernel/systask.o
 .data          0x0001480c        0x0 kernel/hd.o
 .data          0x0001480c        0x0 kernel/klib.o
 .data          0x0001480c        0x0 lib/syslog.o
 .data          0x0001480c        0x0 mm/main.o
 .data          0x0001480c        0x0 mm/forkexit.o
 .data          0x0001480c        0x0 mm/exec.o
 .data          0x0001480c        0x0 fs/main.o
 .data          0x0001480c        0x0 fs/open.o
 .data          0x0001480c        0x0 fs/misc.o
 .data          0x0001480c        0x0 fs/read_write.o
 .data          0x0001480c        0x0 fs/link.o
 .data          0x0001480c        0x0 fs/disklog.o
 .data          0x0001480c        0x0 lib/orangescrt.a(printf.o)
 .data          0x0001480c        0x0 lib/orangescrt.a(vsprintf.o)
 .data          0x0001480c        0x0 lib/orangescrt.a(misc.o)
 .data          0x0001480c        0x0 lib/orangescrt.a(open.o)
 .data          0x0001480c        0x0 lib/orangescrt.a(read.o)
 .data          0x0001480c        0x0 lib/orangescrt.a(write.o)
 .data          0x0001480c        0x0 lib/orangescrt.a(close.o)
 .data          0x0001480c        0x0 lib/orangescrt.a(lseek.o)
 .data          0x0001480c        0x0 lib/orangescrt.a(getpid.o)
 .data          0x0001480c        0x0 lib/orangescrt.a(stat.o)
 .data          0x0001480c        0x0 lib/orangescrt.a(fork.o)
 .data          0x0001480c        0x0 lib/orangescrt.a(wait.o)
 .data          0x0001480c        0x0 lib/orangescrt.a(exec.o)

.data1
 *(.data1)
                0x0001480c                        _edata = .
                [!provide]                        PROVIDE (edata = .)
                0x0001480c                        . = ALIGN (ALIGNOF (NEXT_SECTION))
                0x00014820                        __bss_start = .

.bss            0x00014820    0x2cf08
 *(.dynbss)
 *(.bss .bss.* .gnu.linkonce.b.*)
 .bss           0x00014820     0x2000 kernel/kernel.o
 .bss           0x00016820        0x0 kernel/start.o
 .bss           0x00016820        0x0 kernel/main.o
 .bss           0x00016820        0x0 kernel/clock.o
 .bss           0x00016820       0x58 kernel/keyboard.o
 .bss           0x00016878        0x0 kernel/tty.o
 .bss           0x00016878        0x0 kernel/console.o
 .bss           0x00016878        0x0 kernel/i8259.o
 *fill*         0x00016878        0x8 
 .bss           0x00016880    0x2a640 kernel/global.o
                0x00016880                ticks
                0x00016884                disp_pos
                0x00016888                gdt_ptr
                0x000168a0                gdt
                0x00016ca0                idt_ptr
                0x00016cc0                idt
                0x000174c0                k_reenter
                0x000174c4                current_console
                0x000174c8                key_pressed
                0x000174e0                tss
                0x00017548                p_proc_ready
                0x00017560                mm_msg
                0x00017590                memory_size
                0x000175a0                f_desc_table
                0x000179a0                inode_table
                0x000184a0                super_block
                0x00018680                fs_msg
                0x000186b0                pcaller
                0x000186b4                root_inode
                0x000186c0                proc_table
                0x0001c1c0                task_stack
                0x000401c0                tty_table
                0x00040e40                console_table
                0x00040e80                irq_table
 .bss           0x00040ec0        0x0 kernel/protect.o
 .bss           0x00040ec0        0x0 kernel/proc.o
 .bss           0x00040ec0        0x0 kernel/systask.o
 .bss           0x00040ec0      0x64c kernel/hd.o
 .bss           0x0004150c        0x0 kernel/klib.o
 .bss           0x0004150c        0x0 lib/syslog.o
 .bss           0x0004150c        0x0 mm/main.o
 .bss           0x0004150c        0x0 mm/forkexit.o
 .bss           0x0004150c        0x0 mm/exec.o
 .bss           0x0004150c        0x0 fs/main.o
 .bss           0x0004150c        0x0 fs/open.o
 .bss           0x0004150c        0x0 fs/misc.o
 .bss           0x0004150c        0x0 fs/read_write.o
 .bss           0x0004150c        0x0 fs/link.o
 *fill*         0x0004150c       0x14 
 .bss           0x00041520      0x208 fs/disklog.o
 .bss           0x00041728        0x0 lib/orangescrt.a(printf.o)
 .bss           0x00041728        0x0 lib/orangescrt.a(vsprintf.o)
 .bss           0x00041728        0x0 lib/orangescrt.a(misc.o)
 .bss           0x00041728        0x0 lib/orangescrt.a(open.o)
 .bss           0x00041728        0x0 lib/orangescrt.a(read.o)
 .bss           0x00041728        0x0 lib/orangescrt.a(write.o)
 .bss           0x00041728        0x0 lib/orangescrt.a(close.o)
 .bss           0x00041728        0x0 lib/orangescrt.a(lseek.o)
 .bss           0x00041728        0x0 lib/orangescrt.a(getpid.o)
 .bss           0x00041728        0x0 lib/orangescrt.a(stat.o)
 .bss           0x00041728        0x0 lib/orangescrt.a(fork.o)
 .bss           0x00041728        0x0 lib/orangescrt.a(wait.o)
 .bss           0x00041728        0x0 lib/orangescrt.a(exec.o)
 *(COMMON)
                0x00041728                        . = ALIGN ((. != 0x0)?0x4:0x1)
                0x00041728                        . = ALIGN (0x4)
                0x00041728                        . = SEGMENT_START ("ldata-segment", .)
                0x00041728                        . = ALIGN (0x4)
                0x00041728                        _end = .
                [!provide]                        PROVIDE (end = .)
                0x00041728                        . = DATA_SEGMENT_END (.)

.stab
 *(.stab)

.stabstr
 *(.stabstr)

.stab.excl
 *(.stab.excl)

.stab.exclstr
 *(.stab.exclstr)

.stab.index
 *(.stab.index)

.stab.indexstr
 *(.stab.indexstr)

.comment        0x00000000       0x26
 *(.comment)
 .comment       0x00000000       0x26 kernel/start.o
                                 0x27 (size before relaxing)
 .comment       0x00000026       0x27 kernel/main.o
 .comment       0x00000026       0x27 kernel/clock.o
 .comment       0x00000026       0x27 kernel/keyboard.o
 .comment       0x00000026       0x27 kernel/tty.o
 .comment       0x00000026       0x27 kernel/console.o
 .comment       0x00000026       0x27 kernel/i8259.o
 .comment       0x00000026       0x27 kernel/global.o
 .comment       0x00000026       0x27 kernel/protect.o
 .comment       0x00000026       0x27 kernel/proc.o
 .comment       0x00000026       0x27 kernel/systask.o
 .comment       0x00000026       0x27 kernel/hd.o
 .comment       0x00000026       0x27 kernel/klib.o
 .comment       0x00000026       0x27 lib/syslog.o
 .comment       0x00000026       0x27 mm/main.o
 .comment       0x00000026       0x27 mm/forkexit.o
 .comment       0x00000026       0x27 mm/exec.o
 .comment       0x00000026       0x27 fs/main.o
 .comment       0x00000026       0x27 fs/open.o
 .comment       0x00000026       0x27 fs/misc.o
 .comment       0x00000026       0x27 fs/read_write.o
 .comment       0x00000026       0x27 fs/link.o
 .comment       0x00000026       0x27 fs/disklog.o
 .comment       0x00000026       0x27 lib/orangescrt.a(printf.o)
 .comment       0x00000026       0x27 lib/orangescrt.a(vsprintf.o)
 .comment       0x00000026       0x27 lib/orangescrt.a(misc.o)
 .comment       0x00000026       0x27 lib/orangescrt.a(open.o)
 .comment       0x00000026       0x27 lib/orangescrt.a(read.o)
 .comment       0x00000026       0x27 lib/orangescrt.a(write.o)
 .comment       0x00000026       0x27 lib/orangescrt.a(close.o)
 .comment       0x00000026       0x27 lib/orangescrt.a(lseek.o)
 .comment       0x00000026       0x27 lib/orangescrt.a(getpid.o)
 .comment       0x00000026       0x27 lib/orangescrt.a(stat.o)
 .comment       0x00000026       0x27 lib/orangescrt.a(fork.o)
 .comment       0x00000026       0x27 lib/orangescrt.a(wait.o)
 .comment       0x00000026       0x27 lib/orangescrt.a(exec.o)

.gnu.build.attributes
 *(.gnu.build.attributes .gnu.build.attributes.*)

.debug
 *(.debug)

.line
 *(.line)

.debug_srcinfo
 *(.debug_srcinfo)

.debug_sfnames
 *(.debug_sfnames)

.debug_aranges
 *(.debug_aranges)

.debug_pubnames
 *(.debug_pubnames)

.debug_info
 *(.debug_info .gnu.linkonce.wi.*)

.debug_abbrev
 *(.debug_abbrev)

.debug_line
 *(.debug_line .debug_line.* .debug_line_end)

.debug_frame
 *(.debug_frame)

.debug_str
 *(.debug_str)

.debug_loc
 *(.debug_loc)

.debug_macinfo
 *(.debug_macinfo)

.debug_weaknames
 *(.debug_weaknames)

.debug_funcnames
 *(.debug_funcnames)

.debug_typenames
 *(.debug_typenames)

.debug_varnames
 *(.debug_varnames)

.debug_pubtypes
 *(.debug_pubtypes)

.debug_ranges
 *(.debug_ranges)

.debug_addr
 *(.debug_addr)

.debug_line_str
 *(.debug_line_str)

.debug_loclists
 *(.debug_loclists)

.debug_macro
 *(.debug_macro)

.debug_names
 *(.debug_names)

.debug_rnglists
 *(.debug_rnglists)

.debug_str_offsets
 *(.debug_str_offsets)

.debug_sup
 *(.debug_sup)

.gnu.attributes
 *(.gnu.attributes)

/DISCARD/
 *(.note.GNU-stack)
 *(.gnu_debuglink)
 *(.gnu.lto_*)
OUTPUT(kernel.bin elf32-i386)
